src/main.o
src/coldstart.o
src/drive/drive.o
src/drive/dummyRoot.o
src/drive/mount.o
src/drive/mountRoot.o
src/drive/storeAndCallFsInit.o
src/drive/unmount.o
src/bank/bsel.o
src/shell/cli.o
src/shell/builtins/mount.o
src/shell/builtins/ver.o
src/shell/builtins/chdir.o
src/shell/builtins/monitor.o
src/shell/builtins/test.o
src/shell/builtins/cls.o
src/shell/builtins/echo.o
src/shell/builtins/exit.o
src/shell/builtins/help.o
src/shell/builtins/pwd.o
src/string/toupper.o
src/string/strcat.o
src/string/strncat.o
src/string/memset.o
src/string/strncmp.o
src/string/print.o
src/string/strbegins.o
src/string/getc.o
src/string/strlen.o
src/string/strcmp.o
src/string/putc.o
src/string/memcmp.o
src/string/strncpy.o
src/string/strtup.o
src/string/strcpy.o
src/realpath.o
src/math/dec32.o
src/math/ld32.o
src/math/lshiftbyte32.o
src/math/inc32.o
src/math/rshift32.o
src/math/add32.o
src/math/cp32.o
src/math/clear32.o
src/math/rshiftbyte32.o
src/math/ld16.o
src/math/sub32.o
src/math/ld8.o
src/math/lshift32.o
src/fs/fatfs/util/nextCluster.o
src/fs/fatfs/util/buildFilename.o
src/fs/fatfs/util/addCluster.o
src/fs/fatfs/util/clusterToAddr.o
src/fs/fatfs/util/findFreeCluster.o
src/fs/fatfs/util/statFromEntry.o
src/fs/fatfs/util/clearClusterChain.o
src/fs/fatfs/util/setClusterValue.o
src/fs/fatfs/util/build83Filename.o
src/fs/fatfs/util/getClusterValue.o
src/fs/fatfs/init.o
src/fs/fatfs/read.o
src/fs/fatfs/fstat.o
src/fs/fatfs/readdir.o
src/fs/fatfs/open.o
src/fs/fatfs/unlink.o
src/fs/fatfs/fatfs.o
src/fs/fatfs/write.o
src/fs/devfs/util/scanPartitions.o
src/fs/devfs/util/statFromEntry.o
src/fs/devfs/util/addExpCard.o
src/fs/devfs/util/addDev.o
src/fs/devfs/init.o
src/fs/devfs/fstat.o
src/fs/devfs/readdir.o
src/fs/devfs/open.o
src/fs/devfs/devfs.o
src/fs/vfs/vfs.o
src/fs/vfs/util/getFdAddr.o
src/fs/vfs/util/fdToFileEntry.o
src/fs/vfs/util/getFileAddr.o
src/fs/vfs/read.o
src/fs/vfs/dup.o
src/fs/vfs/seek.o
src/fs/vfs/close.o
src/fs/vfs/udup.o
src/fs/vfs/readdir.o
src/fs/vfs/open.o
src/fs/vfs/unlink.o
src/fs/vfs/write.o
src/fs/vfs/stat.o
src/block/block.o
src/block/calcCopyPointers.o
src/block/init.o
src/block/read.o
src/block/nextBlock.o
src/block/write.o
src/chdir.o
src/version.o
src/error.o
src/monitor.o
src/interrupt.o
src/process/process.o
src/process/execv.o
src/process/exit.o
src/getcwd.o
src/syscall.o
src/drivers/sd/init.o
src/drivers/sd/read.o
src/drivers/sd/getResponse.o
src/drivers/sd/sendCmd.o
src/drivers/sd/sd.o
src/drivers/sd/write.o
src/drivers/unio.o
src/drivers/ft240/read.o
src/drivers/ft240/ft240.o
src/drivers/ft240/write.o
src/get_drive_and_path.o
src/font.o
